<html>
<body>
<pre>
<h1>µVision Build Log</h1>
<h2>Tool Versions:</h2>
IDE-Version: ¦ÌVision V5.14.0.0
Copyright (C) 2015 ARM Ltd and ARM Germany GmbH. All rights reserved.
License Information: JIA 8615554796666, FY, LIC=EXJT4-FEEYP-TGB7T-RGKJB-VXYRP-PSUZZ
 
Tool Versions:
Toolchain:       MDK-ARM Standard  Version: 5.14.0.0
Toolchain Path:  D:\MDK5\ARM\ARMCC\Bin
C Compiler:      Armcc.exe V5.05 update 1 (build 106)
Assembler:       Armasm.exe V5.05 update 1 (build 106)
Linker/Locator:  ArmLink.exe V5.05 update 1 (build 106)
Library Manager: ArmAr.exe V5.05 update 1 (build 106)
Hex Converter:   FromElf.exe V5.05 update 1 (build 106)
CPU DLL:         SARMCM3.DLL V5.14.0.0
Dialog DLL:      DCM.DLL V1.13.1.0
Target DLL:      STLink\ST-LINKIII-KEIL_SWO.dll V2.0.14.0_KEIL
Dialog DLL:      TCM.DLL V1.14.4.0
 
<h2>Project:</h2>
E:\ailab\connect\Ì¤°å\sloves_try_keil_code\USER\Pedal.uvprojx
Project File Date:  11/15/2024

<h2>Output:</h2>
Build target 'Target 1'
compiling main.c...
..\HARDWARE\OLED\oled.h(48): warning:  #1295-D: Deprecated declaration Picture - give arg types
  void Picture();
..\HARDWARE\OLED\oled.h(49): warning:  #1295-D: Deprecated declaration IIC1_Start - give arg types
  void IIC1_Start();
..\HARDWARE\OLED\oled.h(50): warning:  #1295-D: Deprecated declaration IIC1_Stop - give arg types
  void IIC1_Stop();
..\HARDWARE\OLED\oled.h(55): warning:  #1295-D: Deprecated declaration IIC1_Wait_Ack - give arg types
  void IIC1_Wait_Ack();
..\HARDWARE\OLED\oled.h(93): warning:  #1295-D: Deprecated declaration Picture - give arg types
  void Picture();
..\HARDWARE\OLED\oled.h(94): warning:  #1295-D: Deprecated declaration IIC2_Start - give arg types
  void IIC2_Start();
..\HARDWARE\OLED\oled.h(95): warning:  #1295-D: Deprecated declaration IIC2_Stop - give arg types
  void IIC2_Stop();
main.c: 7 warnings, 0 errors
linking...
Program Size: Code=4064 RO-data=268 RW-data=64 ZI-data=2032  
FromELF: creating hex file...
"..\OBJ\LCD.axf" - 0 Error(s), 7 Warning(s).

<h2>Collection of Component include folders:</h2>
  E:\ailab\connect\Ì¤°å\sloves_try_keil_code\USER\RTE
  D:\MDK5\ARM\PACK\Keil\STM32F1xx_DFP\2.3.0

<h2>Collection of Component Files used:</h2>
</pre>
</body>
</html>
